// Vitest Snapshot v1, https://vitest.dev/guide/snapshot.html

exports[`Button > renders correctly 1`] = `
<DocumentFragment>
  <div
    aria-label="close Modal"
    class="w-full h-full fixed z-[100] left-0 top-0 bg-black bg-opacity-50"
    role="button"
    tabindex="0"
  />
  <div
    class="modal"
    style="transform: translateY(0); opacity: 1;"
  >
    Facebook
  </div>
</DocumentFragment>
`;
